[
  {
    "id": 123,
    "nomeFantasia": "Novo Restaurante",
    "proprietario": "ID do Keyclock"
  },
  {
    "id": 234,
    "nomeFantasia": "Novo Restaurante 2",
    "proprietario": "ID do Keyclock 2"
  }
]